<?xml version="1.0" encoding="UTF-8"?>
<TestRun id="1b9ae2b7-2307-4793-970a-11d3a7975467" name="mcarreira@STFRBCC023077-L 2012-10-22 15:34:49" runUser="STEFANINI-DOM\mcarreira" xmlns="http://microsoft.com/schemas/VisualStudio/TeamTest/2010">
  <TestSettings name="Default Test Settings" id="cf72584c-f2ef-4f63-9920-381275d5aaaa">
    <Deployment runDeploymentRoot="mcarreira_STFRBCC023077-L 2012-10-22 15_34_49">
      <DeploymentItem filename="C:\Projetos\Stefanini\Projetos\Fresenius\Exemplo\Fresenius.Exemplo\Fresenius.Exemplo.UI.Controllers\bin\Debug\Fresenius.Exemplo.UI.Web.Controllers.dll" />
      <DeploymentItem filename="C:\Projetos\Stefanini\Projetos\Fresenius\Exemplo\Fresenius.Exemplo\Fresenius.Exemplo.UI.Web\bin\Fresenius.Exemplo.UI.Web.dll" />
    </Deployment>
    <Execution>
      <TestTypeSpecific />
      <AgentRule name="Execution Agents">
      </AgentRule>
    </Execution>
  </TestSettings>
  <Times creation="2012-10-22T15:34:49.7553672-02:00" queuing="2012-10-22T15:34:54.7236513-02:00" start="2012-10-22T15:34:55.4496929-02:00" finish="2012-10-22T15:34:57.4178054-02:00" />
  <ResultSummary outcome="Completed">
    <Counters total="2" executed="2" passed="2" error="0" failed="0" timeout="0" aborted="0" inconclusive="0" passedButRunAborted="0" notRunnable="0" notExecuted="0" disconnected="0" warning="0" completed="0" inProgress="0" pending="0" />
  </ResultSummary>
  <TestDefinitions>
    <UnitTest name="About" storage="c:\projetos\stefanini\projetos\fresenius\exemplo\fresenius.exemplo\fresenius.exemplo.ui.web.tests\bin\debug\fresenius.exemplo.ui.web.tests.dll" id="c42c0fd7-1756-5b1f-ab70-50e048bee4b5">
      <Execution id="e225aa0a-a397-47c1-aac8-96d14ab332fd" />
      <TestMethod codeBase="C:/Projetos/Stefanini/Projetos/Fresenius/Exemplo/Fresenius.Exemplo/Fresenius.Exemplo.UI.Web.Tests/bin/Debug/Fresenius.Exemplo.UI.Web.Tests.DLL" adapterTypeName="Microsoft.VisualStudio.TestTools.TestTypes.Unit.UnitTestAdapter, Microsoft.VisualStudio.QualityTools.Tips.UnitTest.Adapter, Version=10.0.0.0, Culture=neutral, PublicKeyToken=b03f5f7f11d50a3a" className="Fresenius.Exemplo.UI.Web.Tests.Controllers.HomeControllerTest, Fresenius.Exemplo.UI.Web.Tests, Version=1.0.0.0, Culture=neutral, PublicKeyToken=null" name="About" />
    </UnitTest>
    <UnitTest name="Index" storage="c:\projetos\stefanini\projetos\fresenius\exemplo\fresenius.exemplo\fresenius.exemplo.ui.web.tests\bin\debug\fresenius.exemplo.ui.web.tests.dll" id="fac94303-22db-1999-e509-1c773d291501">
      <Execution id="e2c92cc3-6690-49ba-9a6d-d4fa9a6975a8" />
      <TestMethod codeBase="C:/Projetos/Stefanini/Projetos/Fresenius/Exemplo/Fresenius.Exemplo/Fresenius.Exemplo.UI.Web.Tests/bin/Debug/Fresenius.Exemplo.UI.Web.Tests.DLL" adapterTypeName="Microsoft.VisualStudio.TestTools.TestTypes.Unit.UnitTestAdapter, Microsoft.VisualStudio.QualityTools.Tips.UnitTest.Adapter, Version=10.0.0.0, Culture=neutral, PublicKeyToken=b03f5f7f11d50a3a" className="Fresenius.Exemplo.UI.Web.Tests.Controllers.HomeControllerTest, Fresenius.Exemplo.UI.Web.Tests, Version=1.0.0.0, Culture=neutral, PublicKeyToken=null" name="Index" />
    </UnitTest>
  </TestDefinitions>
  <TestLists>
    <TestList name="Results Not in a List" id="8c84fa94-04c1-424b-9868-57a2d4851a1d" />
    <TestList name="All Loaded Results" id="19431567-8539-422a-85d7-44ee4e166bda" />
  </TestLists>
  <TestEntries>
    <TestEntry testId="c42c0fd7-1756-5b1f-ab70-50e048bee4b5" executionId="e225aa0a-a397-47c1-aac8-96d14ab332fd" testListId="8c84fa94-04c1-424b-9868-57a2d4851a1d" />
    <TestEntry testId="fac94303-22db-1999-e509-1c773d291501" executionId="e2c92cc3-6690-49ba-9a6d-d4fa9a6975a8" testListId="8c84fa94-04c1-424b-9868-57a2d4851a1d" />
  </TestEntries>
  <Results>
    <UnitTestResult executionId="e225aa0a-a397-47c1-aac8-96d14ab332fd" testId="c42c0fd7-1756-5b1f-ab70-50e048bee4b5" testName="About" computerName="STFRBCC023077-L" duration="00:00:00.3827236" startTime="2012-10-22T15:34:55.7067076-02:00" endTime="2012-10-22T15:34:56.6677625-02:00" testType="13cdc9d9-ddb5-4fa4-a97d-d965ccfc6d4b" outcome="Passed" testListId="8c84fa94-04c1-424b-9868-57a2d4851a1d" relativeResultsDirectory="e225aa0a-a397-47c1-aac8-96d14ab332fd">
    </UnitTestResult>
    <UnitTestResult executionId="e2c92cc3-6690-49ba-9a6d-d4fa9a6975a8" testId="fac94303-22db-1999-e509-1c773d291501" testName="Index" computerName="STFRBCC023077-L" duration="00:00:00.5298926" startTime="2012-10-22T15:34:56.6817633-02:00" endTime="2012-10-22T15:34:57.2147938-02:00" testType="13cdc9d9-ddb5-4fa4-a97d-d965ccfc6d4b" outcome="Passed" testListId="8c84fa94-04c1-424b-9868-57a2d4851a1d" relativeResultsDirectory="e2c92cc3-6690-49ba-9a6d-d4fa9a6975a8">
    </UnitTestResult>
  </Results>
</TestRun>