<?xml version="1.0" encoding="UTF-8"?>
<TestRun id="3babd06d-063e-4a82-89da-6f5b56ebe6c3" name="mcarreira@STFRBCC023077-L 2012-10-25 11:16:41" runUser="STEFANINI-DOM\mcarreira" xmlns="http://microsoft.com/schemas/VisualStudio/TeamTest/2010">
  <TestSettings name="Default Test Settings" id="c982a58e-a9cd-4414-8342-fe396c9e6097">
    <Deployment runDeploymentRoot="mcarreira_STFRBCC023077-L 2012-10-25 11_16_41">
      <DeploymentItem filename="C:\Projetos\Stefanini\Projetos\Fresenius\Exemplo\Fresenius.Exemplo\Fresenius.Exemplo.Dominio\bin\Debug\Fresenius.Exemplo.Dominio.dll" />
      <DeploymentItem filename="C:\Projetos\Stefanini\Projetos\Fresenius\Exemplo\Fresenius.Exemplo\Fresenius.Exemplo.Infraestrutura.Persistencia\bin\Debug\Fresenius.Exemplo.Infraestrutura.Persistencia.dll" />
      <DeploymentItem filename="C:\Projetos\Stefanini\Projetos\Fresenius\Exemplo\Fresenius.Exemplo\Fresenius.Exemplo.UI.Controllers\bin\Debug\Fresenius.Exemplo.UI.Web.Controllers.dll" />
      <DeploymentItem filename="C:\Projetos\Stefanini\Projetos\Fresenius\Exemplo\Fresenius.Exemplo\Fresenius.Exemplo.UI.Web\bin\Fresenius.Exemplo.UI.Web.dll" />
      <DeploymentItem filename="C:\Projetos\Stefanini\Projetos\Fresenius\Exemplo\Fresenius.Exemplo\packages\AutoMapper.2.2.0\lib\net40\AutoMapper.dll" />
    </Deployment>
    <Execution>
      <TestTypeSpecific />
      <AgentRule name="Execution Agents">
      </AgentRule>
    </Execution>
  </TestSettings>
  <Times creation="2012-10-25T11:16:41.6768763-02:00" queuing="2012-10-25T11:16:41.8902171-02:00" start="2012-10-25T11:16:41.8962267-02:00" finish="2012-10-25T11:16:42.2898555-02:00" />
  <ResultSummary outcome="Completed">
    <Counters total="1" executed="1" passed="1" error="0" failed="0" timeout="0" aborted="0" inconclusive="0" passedButRunAborted="0" notRunnable="0" notExecuted="0" disconnected="0" warning="0" completed="0" inProgress="0" pending="0" />
  </ResultSummary>
  <TestDefinitions>
    <UnitTest name="Teste1" storage="c:\projetos\stefanini\projetos\fresenius\exemplo\fresenius.exemplo\fresenius.exemplo.ui.web.tests\bin\debug\fresenius.exemplo.ui.web.tests.dll" id="23bfb78b-bdb8-37bb-3af7-4fa56198ba12">
      <Execution id="033eee68-2da1-489f-bb7b-2c9640cdfdff" />
      <TestMethod codeBase="C:/Projetos/Stefanini/Projetos/Fresenius/Exemplo/Fresenius.Exemplo/Fresenius.Exemplo.UI.Web.Tests/bin/Debug/Fresenius.Exemplo.UI.Web.Tests.DLL" adapterTypeName="Microsoft.VisualStudio.TestTools.TestTypes.Unit.UnitTestAdapter, Microsoft.VisualStudio.QualityTools.Tips.UnitTest.Adapter, Version=10.0.0.0, Culture=neutral, PublicKeyToken=b03f5f7f11d50a3a" className="Fresenius.Exemplo.UI.Web.Tests.AutomapperAdapter, Fresenius.Exemplo.UI.Web.Tests, Version=1.0.0.0, Culture=neutral, PublicKeyToken=null" name="Teste1" />
    </UnitTest>
  </TestDefinitions>
  <TestLists>
    <TestList name="Results Not in a List" id="8c84fa94-04c1-424b-9868-57a2d4851a1d" />
    <TestList name="All Loaded Results" id="19431567-8539-422a-85d7-44ee4e166bda" />
  </TestLists>
  <TestEntries>
    <TestEntry testId="23bfb78b-bdb8-37bb-3af7-4fa56198ba12" executionId="033eee68-2da1-489f-bb7b-2c9640cdfdff" testListId="8c84fa94-04c1-424b-9868-57a2d4851a1d" />
  </TestEntries>
  <Results>
    <UnitTestResult executionId="033eee68-2da1-489f-bb7b-2c9640cdfdff" testId="23bfb78b-bdb8-37bb-3af7-4fa56198ba12" testName="Teste1" computerName="STFRBCC023077-L" duration="00:00:00.1377871" startTime="2012-10-25T11:16:41.9002331-02:00" endTime="2012-10-25T11:16:42.2738299-02:00" testType="13cdc9d9-ddb5-4fa4-a97d-d965ccfc6d4b" outcome="Passed" testListId="8c84fa94-04c1-424b-9868-57a2d4851a1d" relativeResultsDirectory="033eee68-2da1-489f-bb7b-2c9640cdfdff">
    </UnitTestResult>
  </Results>
</TestRun>