<?xml version="1.0" encoding="UTF-8"?>
<TestRun id="f56a096a-7628-4f2f-9a47-422822ecb8eb" name="mcarreira@STFRBCC023077-L 2012-10-22 16:44:52" runUser="STEFANINI-DOM\mcarreira" xmlns="http://microsoft.com/schemas/VisualStudio/TeamTest/2010">
  <TestSettings name="Default Test Settings" id="bd43d9e7-5ad8-42c8-be5b-c4997aa39fa7">
    <Deployment userDeploymentRoot="C:\Projetos\Stefanini\Projetos\Fresenius\Exemplo\Fresenius.Exemplo\TestResults" useDefaultDeploymentRoot="false" runDeploymentRoot="mcarreira_STFRBCC023077-L 2012-10-22 16_44_52">
      <DeploymentItem filename="C:\Projetos\Stefanini\Projetos\Fresenius\Exemplo\Fresenius.Exemplo\Fresenius.Exemplo.UI.Controllers\bin\Debug\Fresenius.Exemplo.UI.Web.Controllers.dll" />
      <DeploymentItem filename="C:\Projetos\Stefanini\Projetos\Fresenius\Exemplo\Fresenius.Exemplo\Fresenius.Exemplo.UI.Web\bin\Fresenius.Exemplo.UI.Web.dll" />
    </Deployment>
    <Execution>
      <TestTypeSpecific />
      <AgentRule name="Execution Agents">
      </AgentRule>
    </Execution>
  </TestSettings>
  <Times creation="2012-10-22T16:44:52.9947787-02:00" queuing="2012-10-22T16:44:53.3567994-02:00" start="2012-10-22T16:44:53.4328038-02:00" finish="2012-10-22T16:44:54.0968417-02:00" />
  <ResultSummary outcome="Completed">
    <Counters total="1" executed="1" passed="1" error="0" failed="0" timeout="0" aborted="0" inconclusive="0" passedButRunAborted="0" notRunnable="0" notExecuted="0" disconnected="0" warning="0" completed="0" inProgress="0" pending="0" />
  </ResultSummary>
  <TestDefinitions>
    <UnitTest name="About" storage="c:\projetos\stefanini\projetos\fresenius\exemplo\fresenius.exemplo\fresenius.exemplo.ui.web.tests\bin\debug\fresenius.exemplo.ui.web.tests.dll" id="c42c0fd7-1756-5b1f-ab70-50e048bee4b5">
      <Execution id="c96c76f7-a56f-4207-9786-1488e14c6b18" />
      <TestMethod codeBase="C:/Projetos/Stefanini/Projetos/Fresenius/Exemplo/Fresenius.Exemplo/Fresenius.Exemplo.UI.Web.Tests/bin/Debug/Fresenius.Exemplo.UI.Web.Tests.DLL" adapterTypeName="Microsoft.VisualStudio.TestTools.TestTypes.Unit.UnitTestAdapter, Microsoft.VisualStudio.QualityTools.Tips.UnitTest.Adapter, Version=10.0.0.0, Culture=neutral, PublicKeyToken=b03f5f7f11d50a3a" className="Fresenius.Exemplo.UI.Web.Tests.Controllers.HomeControllerTest, Fresenius.Exemplo.UI.Web.Tests, Version=1.0.0.0, Culture=neutral, PublicKeyToken=null" name="About" />
    </UnitTest>
  </TestDefinitions>
  <TestLists>
    <TestList name="Results Not in a List" id="8c84fa94-04c1-424b-9868-57a2d4851a1d" />
    <TestList name="All Loaded Results" id="19431567-8539-422a-85d7-44ee4e166bda" />
  </TestLists>
  <TestEntries>
    <TestEntry testId="c42c0fd7-1756-5b1f-ab70-50e048bee4b5" executionId="c96c76f7-a56f-4207-9786-1488e14c6b18" testListId="8c84fa94-04c1-424b-9868-57a2d4851a1d" />
  </TestEntries>
  <Results>
    <UnitTestResult executionId="c96c76f7-a56f-4207-9786-1488e14c6b18" testId="c42c0fd7-1756-5b1f-ab70-50e048bee4b5" testName="About" computerName="STFRBCC023077-L" duration="00:00:00.0406632" startTime="2012-10-22T16:44:53.5168086-02:00" endTime="2012-10-22T16:44:54.0418386-02:00" testType="13cdc9d9-ddb5-4fa4-a97d-d965ccfc6d4b" outcome="Passed" testListId="8c84fa94-04c1-424b-9868-57a2d4851a1d" relativeResultsDirectory="c96c76f7-a56f-4207-9786-1488e14c6b18">
    </UnitTestResult>
  </Results>
</TestRun>